d:\projetos\realsoft_caixa\realsoft_caixa\debug\realsoft_caixa.form1.resources
d:\projetos\realsoft_caixa\realsoft_caixa\debug\realsoft_caixa.form10.resources
d:\projetos\realsoft_caixa\realsoft_caixa\debug\realsoft_caixa.form11.resources
d:\projetos\realsoft_caixa\realsoft_caixa\debug\realsoft_caixa.form12.resources
d:\projetos\realsoft_caixa\realsoft_caixa\debug\realsoft_caixa.form14.resources
d:\projetos\realsoft_caixa\realsoft_caixa\debug\realsoft_caixa.form15.resources
d:\projetos\realsoft_caixa\realsoft_caixa\debug\realsoft_caixa.form16.resources
d:\projetos\realsoft_caixa\realsoft_caixa\debug\realsoft_caixa.form2.resources
d:\projetos\realsoft_caixa\realsoft_caixa\debug\realsoft_caixa.form3.resources
d:\projetos\realsoft_caixa\realsoft_caixa\debug\realsoft_caixa.form4.resources
d:\projetos\realsoft_caixa\realsoft_caixa\debug\realsoft_caixa.form5.resources
d:\projetos\realsoft_caixa\realsoft_caixa\debug\realsoft_caixa.form6.resources
d:\projetos\realsoft_caixa\realsoft_caixa\debug\realsoft_caixa.form7.resources
d:\projetos\realsoft_caixa\realsoft_caixa\debug\realsoft_caixa.form8.resources
d:\projetos\realsoft_caixa\realsoft_caixa\debug\realsoft_caixa.form9.resources
d:\projetos\realsoft_caixa\realsoft_caixa\debug\realsoft_caixa.formacrescimo.resources
d:\projetos\realsoft_caixa\realsoft_caixa\debug\realsoft_caixa.formajuda.resources
d:\projetos\realsoft_caixa\realsoft_caixa\debug\realsoft_caixa.formcartaoloja.resources
d:\projetos\realsoft_caixa\realsoft_caixa\debug\realsoft_caixa.formcheque.resources
d:\projetos\realsoft_caixa\realsoft_caixa\debug\realsoft_caixa.formcupom.resources
d:\projetos\realsoft_caixa\realsoft_caixa\debug\realsoft_caixa.formdesconto.resources
d:\projetos\realsoft_caixa\realsoft_caixa\debug\realsoft_caixa.formmercadorias.resources
d:\projetos\realsoft_caixa\realsoft_caixa\debug\realsoft_caixa.formmovimentacao.resources
d:\projetos\realsoft_caixa\realsoft_caixa\debug\realsoft_caixa.formpagamento.resources
d:\projetos\realsoft_caixa\realsoft_caixa\debug\realsoft_caixa.formprecos.resources
d:\projetos\realsoft_caixa\realsoft_caixa\debug\realsoft_caixa.formpublicidade.resources
d:\projetos\realsoft_caixa\realsoft_caixa\debug\realsoft_caixa.formregistro.resources
d:\projetos\realsoft_caixa\realsoft_caixa\debug\realsoft_caixa.formrelatorio.resources
d:\projetos\realsoft_caixa\realsoft_caixa\debug\realsoft_caixa.formtef.resources
d:\projetos\realsoft_caixa\realsoft_caixa\debug\realsoft_caixa.formtroco.resources
d:\projetos\realsoft_caixa\realsoft_caixa\debug\realsoft_caixa.realsoft_pagamento.resources
d:\projetos\realsoft_caixa\realsoft_caixa\debug\realsoft_caixa.vcxprojresolveassemblyreference.cache
d:\projetos\realsoft_caixa\realsoft_caixa\debug\realsoft_caixa.tlog\realsoft_caixa.write.1u.tlog
