Build started 20/11/2016 11:16:24.
     1>Project "D:\Projetos\Realsoft_Caixa\Realsoft_Caixa\Realsoft_Caixa.vcxproj" on node 2 (Rebuild target(s)).
     1>C:\Program Files (x86)\MSBuild\Microsoft.Cpp\v4.0\V120\Microsoft.CppBuild.targets(355,5): warning MSB8003: Could not find WindowsSDKDir variable from the registry.  TargetFrameworkVersion or PlatformToolset may be set to an invalid version number.
     1>ClCompile:
         C:\Program Files (x86)\Microsoft Visual Studio 12.0\VC\bin\CL.exe /c /AI"C:\Program Files (x86)\Reference Assemblies\Microsoft\Framework\.NETFramework\v4.0" /Zi /clr:pure /nologo /W3 /WX- /Od /Oy- /D WIN32 /D _DEBUG /D _USING_V110_SDK71_ /D _UNICODE /D UNICODE /EHa /MDd /GS /fp:precise /Zc:wchar_t /Zc:forScope /Yc"stdafx.h" /Fp"Debug\Realsoft_Caixa.pch" /Fo"Debug\\" /Fd"Debug\vc120.pdb" /TP /FUD:\Projetos\Realsoft_Caixa\Debug\Button.dll /FUD:\Projetos\Realsoft_Caixa\Debug\MessagingToolkit.QRCode.dll /FU"C:\Program Files (x86)\Reference Assemblies\Microsoft\Framework\.NETFramework\v4.0\mscorlib.dll" /FUC:\Windows\Microsoft.Net\assembly\GAC_MSIL\MySql.Data\v4.0_6.4.4.0__c5687fc88969c44d\MySql.Data.dll /FU"C:\Program Files (x86)\Reference Assemblies\Microsoft\Framework\.NETFramework\v4.0\PresentationFramework.dll" /FUD:\Projetos\Realsoft_Caixa\Debug\Realsoft_Class.dll /FUD:\Projetos\Realsoft_Caixa\Debug\Realsoft_ComunicaBalanca.dll /FUD:\Projetos\Realsoft_Caixa\Debug\Realsoft_DLL.dll /FUD:\Projetos\Realsoft_Caixa\Debug\Realsoft_TEF.dll /FU"C:\Program Files (x86)\Reference Assemblies\Microsoft\Framework\.NETFramework\v4.0\System.Data.dll" /FU"C:\Program Files (x86)\Reference Assemblies\Microsoft\Framework\.NETFramework\v4.0\System.dll" /FU"C:\Program Files (x86)\Reference Assemblies\Microsoft\Framework\.NETFramework\v4.0\System.Drawing.dll" /FU"C:\Program Files (x86)\Reference Assemblies\Microsoft\Framework\.NETFramework\v4.0\System.Management.dll" /FU"C:\Program Files (x86)\Reference Assemblies\Microsoft\Framework\.NETFramework\v4.0\System.Net.dll" /FU"C:\Program Files (x86)\Reference Assemblies\Microsoft\Framework\.NETFramework\v4.0\System.Windows.Forms.dll" /FU"C:\Program Files (x86)\Reference Assemblies\Microsoft\Framework\.NETFramework\v4.0\System.Xml.dll" /analyze- /errorReport:prompt /clr:nostdlib stdafx.cpp
         stdafx.cpp
         C:\Program Files (x86)\Microsoft Visual Studio 12.0\VC\bin\CL.exe /c /AI"C:\Program Files (x86)\Reference Assemblies\Microsoft\Framework\.NETFramework\v4.0" /Zi /clr:pure /nologo /W3 /WX- /Od /Oy- /D WIN32 /D _DEBUG /D _USING_V110_SDK71_ /D _UNICODE /D UNICODE /EHa /MDd /GS /fp:precise /Zc:wchar_t /Zc:forScope /Yu"stdafx.h" /Fp"Debug\Realsoft_Caixa.pch" /Fo"Debug\\" /Fd"Debug\vc120.pdb" /TP /FUD:\Projetos\Realsoft_Caixa\Debug\Button.dll /FUD:\Projetos\Realsoft_Caixa\Debug\MessagingToolkit.QRCode.dll /FU"C:\Program Files (x86)\Reference Assemblies\Microsoft\Framework\.NETFramework\v4.0\mscorlib.dll" /FUC:\Windows\Microsoft.Net\assembly\GAC_MSIL\MySql.Data\v4.0_6.4.4.0__c5687fc88969c44d\MySql.Data.dll /FU"C:\Program Files (x86)\Reference Assemblies\Microsoft\Framework\.NETFramework\v4.0\PresentationFramework.dll" /FUD:\Projetos\Realsoft_Caixa\Debug\Realsoft_Class.dll /FUD:\Projetos\Realsoft_Caixa\Debug\Realsoft_ComunicaBalanca.dll /FUD:\Projetos\Realsoft_Caixa\Debug\Realsoft_DLL.dll /FUD:\Projetos\Realsoft_Caixa\Debug\Realsoft_TEF.dll /FU"C:\Program Files (x86)\Reference Assemblies\Microsoft\Framework\.NETFramework\v4.0\System.Data.dll" /FU"C:\Program Files (x86)\Reference Assemblies\Microsoft\Framework\.NETFramework\v4.0\System.dll" /FU"C:\Program Files (x86)\Reference Assemblies\Microsoft\Framework\.NETFramework\v4.0\System.Drawing.dll" /FU"C:\Program Files (x86)\Reference Assemblies\Microsoft\Framework\.NETFramework\v4.0\System.Management.dll" /FU"C:\Program Files (x86)\Reference Assemblies\Microsoft\Framework\.NETFramework\v4.0\System.Net.dll" /FU"C:\Program Files (x86)\Reference Assemblies\Microsoft\Framework\.NETFramework\v4.0\System.Windows.Forms.dll" /FU"C:\Program Files (x86)\Reference Assemblies\Microsoft\Framework\.NETFramework\v4.0\System.Xml.dll" /analyze- /errorReport:prompt /clr:nostdlib AssemblyInfo.cpp Form10.cpp Form11.cpp Form12.cpp Form14.cpp Form15.cpp Form16.cpp Form2.cpp Form3.cpp Form4.cpp Form5.cpp Form6.cpp Form7.cpp Form8.cpp Form9.cpp FormAcrescimo.cpp FormAjuda.cpp FormCartaoLoja.cpp FormCheque.cpp FormCupom.cpp FormDesconto.cpp FormMercadorias.cpp FormMovimentacao.cpp FormPagamento.cpp FormPrecos.cpp FormPublicidade.cpp FormRegistro.cpp FormRelatorio.cpp FormTEF.cpp FormTroco.cpp Realsoft_Caixa.cpp Realsoft_Pagamento.cpp
         AssemblyInfo.cpp
     1>AssemblyInfo.cpp(40): warning C4947: 'RequestMinimum' : marked as obsolete
                 Message: 'Assembly level declarative security is obsolete and is no longer enforced by the CLR by default. See http://go.microsoft.com/fwlink/?LinkID=155570 for more information.'
         Form10.cpp
         Form11.cpp
         Form12.cpp
         Form14.cpp
         Form15.cpp
         Form16.cpp
         Form2.cpp
     1>d:\projetos\realsoft_caixa\realsoft_caixa\Form7.h(828): warning C4101: 'ex' : unreferenced local variable
     1>d:\projetos\realsoft_caixa\realsoft_caixa\Form9.h(304): warning C4129: 'A' : unrecognized character escape sequence
     1>d:\projetos\realsoft_caixa\realsoft_caixa\Form9.h(385): warning C4129: 'A' : unrecognized character escape sequence
     1>d:\projetos\realsoft_caixa\realsoft_caixa\Form9.h(222): warning C4101: 'ex' : unreferenced local variable
     1>d:\projetos\realsoft_caixa\realsoft_caixa\Form9.h(306): warning C4101: '_arr' : unreferenced local variable
     1>d:\projetos\realsoft_caixa\realsoft_caixa\Form9.h(387): warning C4101: '_arr' : unreferenced local variable
     1>d:\projetos\realsoft_caixa\realsoft_caixa\Form2.h(803): warning C4554: '|' : check operator precedence for possible error; use parentheses to clarify precedence
     1>d:\projetos\realsoft_caixa\realsoft_caixa\Form2.h(805): warning C4554: '&' : check operator precedence for possible error; use parentheses to clarify precedence
     1>d:\projetos\realsoft_caixa\realsoft_caixa\Form2.h(855): warning C4553: '==' : operator has no effect; did you intend '='?
     1>d:\projetos\realsoft_caixa\realsoft_caixa\Form2.h(901): warning C4554: '&' : check operator precedence for possible error; use parentheses to clarify precedence
     1>d:\projetos\realsoft_caixa\realsoft_caixa\Form2.h(1757): warning C4553: '==' : operator has no effect; did you intend '='?
     1>d:\projetos\realsoft_caixa\realsoft_caixa\Form2.h(1857): warning C4553: '==' : operator has no effect; did you intend '='?
     1>d:\projetos\realsoft_caixa\realsoft_caixa\Form2.h(1947): warning C4553: '==' : operator has no effect; did you intend '='?
     1>d:\projetos\realsoft_caixa\realsoft_caixa\Form2.h(2488): warning C4101: 'ex' : unreferenced local variable
     1>d:\projetos\realsoft_caixa\realsoft_caixa\Form2.h(2533): warning C4554: '&' : check operator precedence for possible error; use parentheses to clarify precedence
     1>d:\projetos\realsoft_caixa\realsoft_caixa\Form2.h(2525): warning C4101: 'ex' : unreferenced local variable
     1>d:\projetos\realsoft_caixa\realsoft_caixa\Form2.h(2613): warning C4101: 'ex' : unreferenced local variable
     1>d:\projetos\realsoft_caixa\realsoft_caixa\Form2.h(2629): warning C4101: 'ex' : unreferenced local variable
     1>d:\projetos\realsoft_caixa\realsoft_caixa\Form2.h(2735): warning C4101: 'ex' : unreferenced local variable
     1>d:\projetos\realsoft_caixa\realsoft_caixa\Form2.h(2769): warning C4101: 'PesoBalanca' : unreferenced local variable
         Form3.cpp
         Form4.cpp
         Form5.cpp
         Form6.cpp
     1>d:\projetos\realsoft_caixa\realsoft_caixa\Form7.h(828): warning C4101: 'ex' : unreferenced local variable
     1>d:\projetos\realsoft_caixa\realsoft_caixa\Form9.h(304): warning C4129: 'A' : unrecognized character escape sequence
     1>d:\projetos\realsoft_caixa\realsoft_caixa\Form9.h(385): warning C4129: 'A' : unrecognized character escape sequence
     1>d:\projetos\realsoft_caixa\realsoft_caixa\Form9.h(222): warning C4101: 'ex' : unreferenced local variable
     1>d:\projetos\realsoft_caixa\realsoft_caixa\Form9.h(306): warning C4101: '_arr' : unreferenced local variable
     1>d:\projetos\realsoft_caixa\realsoft_caixa\Form9.h(387): warning C4101: '_arr' : unreferenced local variable
     1>d:\projetos\realsoft_caixa\realsoft_caixa\Form2.h(803): warning C4554: '|' : check operator precedence for possible error; use parentheses to clarify precedence
     1>d:\projetos\realsoft_caixa\realsoft_caixa\Form2.h(805): warning C4554: '&' : check operator precedence for possible error; use parentheses to clarify precedence
     1>d:\projetos\realsoft_caixa\realsoft_caixa\Form2.h(855): warning C4553: '==' : operator has no effect; did you intend '='?
     1>d:\projetos\realsoft_caixa\realsoft_caixa\Form2.h(901): warning C4554: '&' : check operator precedence for possible error; use parentheses to clarify precedence
     1>d:\projetos\realsoft_caixa\realsoft_caixa\Form2.h(1757): warning C4553: '==' : operator has no effect; did you intend '='?
     1>d:\projetos\realsoft_caixa\realsoft_caixa\Form2.h(1857): warning C4553: '==' : operator has no effect; did you intend '='?
     1>d:\projetos\realsoft_caixa\realsoft_caixa\Form2.h(1947): warning C4553: '==' : operator has no effect; did you intend '='?
     1>d:\projetos\realsoft_caixa\realsoft_caixa\Form2.h(2488): warning C4101: 'ex' : unreferenced local variable
     1>d:\projetos\realsoft_caixa\realsoft_caixa\Form2.h(2533): warning C4554: '&' : check operator precedence for possible error; use parentheses to clarify precedence
     1>d:\projetos\realsoft_caixa\realsoft_caixa\Form2.h(2525): warning C4101: 'ex' : unreferenced local variable
     1>d:\projetos\realsoft_caixa\realsoft_caixa\Form2.h(2613): warning C4101: 'ex' : unreferenced local variable
     1>d:\projetos\realsoft_caixa\realsoft_caixa\Form2.h(2629): warning C4101: 'ex' : unreferenced local variable
     1>d:\projetos\realsoft_caixa\realsoft_caixa\Form2.h(2735): warning C4101: 'ex' : unreferenced local variable
     1>d:\projetos\realsoft_caixa\realsoft_caixa\Form2.h(2769): warning C4101: 'PesoBalanca' : unreferenced local variable
         Form7.cpp
     1>d:\projetos\realsoft_caixa\realsoft_caixa\Form7.h(828): warning C4101: 'ex' : unreferenced local variable
         Form8.cpp
         Form9.cpp
     1>d:\projetos\realsoft_caixa\realsoft_caixa\Form9.h(304): warning C4129: 'A' : unrecognized character escape sequence
     1>d:\projetos\realsoft_caixa\realsoft_caixa\Form9.h(385): warning C4129: 'A' : unrecognized character escape sequence
     1>d:\projetos\realsoft_caixa\realsoft_caixa\Form9.h(222): warning C4101: 'ex' : unreferenced local variable
     1>d:\projetos\realsoft_caixa\realsoft_caixa\Form9.h(306): warning C4101: '_arr' : unreferenced local variable
     1>d:\projetos\realsoft_caixa\realsoft_caixa\Form9.h(387): warning C4101: '_arr' : unreferenced local variable
         FormAcrescimo.cpp
         FormAjuda.cpp
         FormCartaoLoja.cpp
         FormCheque.cpp
         FormCupom.cpp
         Generating Code...
     1>d:\projetos\realsoft_caixa\realsoft_caixa\form7.h(934): warning C4715: 'Realsoft_Caixa::Form7::isConnectedDLL' : not all control paths return a value
     1>d:\projetos\realsoft_caixa\realsoft_caixa\form7.h(928): warning C4700: uninitialized local variable 'desc' used
     1>d:\projetos\realsoft_caixa\realsoft_caixa\form3.h(340): warning C4715: 'Realsoft_Caixa::Form3::isConnectedDLL' : not all control paths return a value
     1>d:\projetos\realsoft_caixa\realsoft_caixa\form3.h(334): warning C4700: uninitialized local variable 'desc' used
     1>d:\projetos\realsoft_caixa\realsoft_caixa\form7.h(934): warning C4715: 'Realsoft_Caixa::Form7::isConnectedDLL' : not all control paths return a value
     1>d:\projetos\realsoft_caixa\realsoft_caixa\form7.h(928): warning C4700: uninitialized local variable 'desc' used
     1>d:\projetos\realsoft_caixa\realsoft_caixa\form3.h(340): warning C4715: 'Realsoft_Caixa::Form3::isConnectedDLL' : not all control paths return a value
     1>d:\projetos\realsoft_caixa\realsoft_caixa\form3.h(334): warning C4700: uninitialized local variable 'desc' used
     1>d:\projetos\realsoft_caixa\realsoft_caixa\form3.h(340): warning C4715: 'Realsoft_Caixa::Form3::isConnectedDLL' : not all control paths return a value
     1>d:\projetos\realsoft_caixa\realsoft_caixa\form3.h(334): warning C4700: uninitialized local variable 'desc' used
     1>d:\projetos\realsoft_caixa\realsoft_caixa\form7.h(934): warning C4715: 'Realsoft_Caixa::Form7::isConnectedDLL' : not all control paths return a value
     1>d:\projetos\realsoft_caixa\realsoft_caixa\form7.h(928): warning C4700: uninitialized local variable 'desc' used
         Compiling...
         FormDesconto.cpp
         FormMercadorias.cpp
         FormMovimentacao.cpp
         FormPagamento.cpp
         FormPrecos.cpp
         FormPublicidade.cpp
     1>d:\projetos\realsoft_caixa\realsoft_caixa\Form7.h(828): warning C4101: 'ex' : unreferenced local variable
     1>d:\projetos\realsoft_caixa\realsoft_caixa\Form9.h(304): warning C4129: 'A' : unrecognized character escape sequence
     1>d:\projetos\realsoft_caixa\realsoft_caixa\Form9.h(385): warning C4129: 'A' : unrecognized character escape sequence
     1>d:\projetos\realsoft_caixa\realsoft_caixa\Form9.h(222): warning C4101: 'ex' : unreferenced local variable
     1>d:\projetos\realsoft_caixa\realsoft_caixa\Form9.h(306): warning C4101: '_arr' : unreferenced local variable
     1>d:\projetos\realsoft_caixa\realsoft_caixa\Form9.h(387): warning C4101: '_arr' : unreferenced local variable
     1>d:\projetos\realsoft_caixa\realsoft_caixa\Form2.h(803): warning C4554: '|' : check operator precedence for possible error; use parentheses to clarify precedence
     1>d:\projetos\realsoft_caixa\realsoft_caixa\Form2.h(805): warning C4554: '&' : check operator precedence for possible error; use parentheses to clarify precedence
     1>d:\projetos\realsoft_caixa\realsoft_caixa\Form2.h(855): warning C4553: '==' : operator has no effect; did you intend '='?
     1>d:\projetos\realsoft_caixa\realsoft_caixa\Form2.h(901): warning C4554: '&' : check operator precedence for possible error; use parentheses to clarify precedence
     1>d:\projetos\realsoft_caixa\realsoft_caixa\Form2.h(1757): warning C4553: '==' : operator has no effect; did you intend '='?
     1>d:\projetos\realsoft_caixa\realsoft_caixa\Form2.h(1857): warning C4553: '==' : operator has no effect; did you intend '='?
     1>d:\projetos\realsoft_caixa\realsoft_caixa\Form2.h(1947): warning C4553: '==' : operator has no effect; did you intend '='?
     1>d:\projetos\realsoft_caixa\realsoft_caixa\Form2.h(2488): warning C4101: 'ex' : unreferenced local variable
     1>d:\projetos\realsoft_caixa\realsoft_caixa\Form2.h(2533): warning C4554: '&' : check operator precedence for possible error; use parentheses to clarify precedence
     1>d:\projetos\realsoft_caixa\realsoft_caixa\Form2.h(2525): warning C4101: 'ex' : unreferenced local variable
     1>d:\projetos\realsoft_caixa\realsoft_caixa\Form2.h(2613): warning C4101: 'ex' : unreferenced local variable
     1>d:\projetos\realsoft_caixa\realsoft_caixa\Form2.h(2629): warning C4101: 'ex' : unreferenced local variable
     1>d:\projetos\realsoft_caixa\realsoft_caixa\Form2.h(2735): warning C4101: 'ex' : unreferenced local variable
     1>d:\projetos\realsoft_caixa\realsoft_caixa\Form2.h(2769): warning C4101: 'PesoBalanca' : unreferenced local variable
         FormRegistro.cpp
         FormRelatorio.cpp
         FormTEF.cpp
         FormTroco.cpp
         Realsoft_Caixa.cpp
     1>d:\projetos\realsoft_caixa\realsoft_caixa\Form7.h(828): warning C4101: 'ex' : unreferenced local variable
     1>d:\projetos\realsoft_caixa\realsoft_caixa\Form9.h(304): warning C4129: 'A' : unrecognized character escape sequence
     1>d:\projetos\realsoft_caixa\realsoft_caixa\Form9.h(385): warning C4129: 'A' : unrecognized character escape sequence
     1>d:\projetos\realsoft_caixa\realsoft_caixa\Form9.h(222): warning C4101: 'ex' : unreferenced local variable
     1>d:\projetos\realsoft_caixa\realsoft_caixa\Form9.h(306): warning C4101: '_arr' : unreferenced local variable
     1>d:\projetos\realsoft_caixa\realsoft_caixa\Form9.h(387): warning C4101: '_arr' : unreferenced local variable
     1>d:\projetos\realsoft_caixa\realsoft_caixa\Form2.h(803): warning C4554: '|' : check operator precedence for possible error; use parentheses to clarify precedence
     1>d:\projetos\realsoft_caixa\realsoft_caixa\Form2.h(805): warning C4554: '&' : check operator precedence for possible error; use parentheses to clarify precedence
     1>d:\projetos\realsoft_caixa\realsoft_caixa\Form2.h(855): warning C4553: '==' : operator has no effect; did you intend '='?
     1>d:\projetos\realsoft_caixa\realsoft_caixa\Form2.h(901): warning C4554: '&' : check operator precedence for possible error; use parentheses to clarify precedence
     1>d:\projetos\realsoft_caixa\realsoft_caixa\Form2.h(1757): warning C4553: '==' : operator has no effect; did you intend '='?
     1>d:\projetos\realsoft_caixa\realsoft_caixa\Form2.h(1857): warning C4553: '==' : operator has no effect; did you intend '='?
     1>d:\projetos\realsoft_caixa\realsoft_caixa\Form2.h(1947): warning C4553: '==' : operator has no effect; did you intend '='?
     1>d:\projetos\realsoft_caixa\realsoft_caixa\Form2.h(2488): warning C4101: 'ex' : unreferenced local variable
     1>d:\projetos\realsoft_caixa\realsoft_caixa\Form2.h(2533): warning C4554: '&' : check operator precedence for possible error; use parentheses to clarify precedence
     1>d:\projetos\realsoft_caixa\realsoft_caixa\Form2.h(2525): warning C4101: 'ex' : unreferenced local variable
     1>d:\projetos\realsoft_caixa\realsoft_caixa\Form2.h(2613): warning C4101: 'ex' : unreferenced local variable
     1>d:\projetos\realsoft_caixa\realsoft_caixa\Form2.h(2629): warning C4101: 'ex' : unreferenced local variable
     1>d:\projetos\realsoft_caixa\realsoft_caixa\Form2.h(2735): warning C4101: 'ex' : unreferenced local variable
     1>d:\projetos\realsoft_caixa\realsoft_caixa\Form2.h(2769): warning C4101: 'PesoBalanca' : unreferenced local variable
         Realsoft_Pagamento.cpp
         Generating Code...
     1>d:\projetos\realsoft_caixa\realsoft_caixa\form3.h(340): warning C4715: 'Realsoft_Caixa::Form3::isConnectedDLL' : not all control paths return a value
     1>d:\projetos\realsoft_caixa\realsoft_caixa\form3.h(334): warning C4700: uninitialized local variable 'desc' used
     1>d:\projetos\realsoft_caixa\realsoft_caixa\form7.h(934): warning C4715: 'Realsoft_Caixa::Form7::isConnectedDLL' : not all control paths return a value
     1>d:\projetos\realsoft_caixa\realsoft_caixa\form7.h(928): warning C4700: uninitialized local variable 'desc' used
     1>d:\projetos\realsoft_caixa\realsoft_caixa\form3.h(340): warning C4715: 'Realsoft_Caixa::Form3::isConnectedDLL' : not all control paths return a value
     1>d:\projetos\realsoft_caixa\realsoft_caixa\form3.h(334): warning C4700: uninitialized local variable 'desc' used
     1>d:\projetos\realsoft_caixa\realsoft_caixa\form7.h(934): warning C4715: 'Realsoft_Caixa::Form7::isConnectedDLL' : not all control paths return a value
     1>d:\projetos\realsoft_caixa\realsoft_caixa\form7.h(928): warning C4700: uninitialized local variable 'desc' used
         C:\Program Files (x86)\Microsoft Visual Studio 12.0\VC\bin\CL.exe /c /Zi /clr:pure /nologo /W3 /WX- /Od /Oy- /D WIN32 /D _DEBUG /D _USING_V110_SDK71_ /D _UNICODE /D UNICODE /EHa /MDd /GS /fp:precise /Zc:wchar_t /Zc:forScope /Fo"Debug\\" /Fd"Debug\vc120.pdb" /TP /analyze- /errorReport:prompt "C:\Users\Fusion\AppData\Local\Temp\.NETFramework,Version=v4.0.AssemblyAttributes.cpp"
         .NETFramework,Version=v4.0.AssemblyAttributes.cpp
       ResourceCompile:
         C:\Program Files (x86)\Microsoft SDKs\Windows\v7.1A\bin\rc.exe /D _USING_V110_SDK71_ /D _UNICODE /D UNICODE /l"0x0409" /nologo /fo"Debug\app.res" app.rc 
       Link:
         C:\Program Files (x86)\Microsoft Visual Studio 12.0\VC\bin\link.exe /ERRORREPORT:PROMPT /OUT:"D:\Projetos\Realsoft_Caixa\Debug\Realsoft_Caixa.exe" /INCREMENTAL /NOLOGO /ASSEMBLYRESOURCE:Debug\Realsoft_Caixa.Form1.resources /ASSEMBLYRESOURCE:Debug\Realsoft_Caixa.Form10.resources /ASSEMBLYRESOURCE:Debug\Realsoft_Caixa.Form11.resources /ASSEMBLYRESOURCE:Debug\Realsoft_Caixa.Form12.resources /ASSEMBLYRESOURCE:Debug\Realsoft_Caixa.Form14.resources /ASSEMBLYRESOURCE:Debug\Realsoft_Caixa.Form15.resources /ASSEMBLYRESOURCE:Debug\Realsoft_Caixa.Form16.resources /ASSEMBLYRESOURCE:Debug\Realsoft_Caixa.Form2.resources /ASSEMBLYRESOURCE:Debug\Realsoft_Caixa.Form3.resources /ASSEMBLYRESOURCE:Debug\Realsoft_Caixa.Form4.resources /ASSEMBLYRESOURCE:Debug\Realsoft_Caixa.Form5.resources /ASSEMBLYRESOURCE:Debug\Realsoft_Caixa.Form6.resources /ASSEMBLYRESOURCE:Debug\Realsoft_Caixa.Form7.resources /ASSEMBLYRESOURCE:Debug\Realsoft_Caixa.Form8.resources /ASSEMBLYRESOURCE:Debug\Realsoft_Caixa.Form9.resources /ASSEMBLYRESOURCE:Debug\Realsoft_Caixa.FormAcrescimo.resources /ASSEMBLYRESOURCE:Debug\Realsoft_Caixa.FormAjuda.resources /ASSEMBLYRESOURCE:Debug\Realsoft_Caixa.FormCartaoLoja.resources /ASSEMBLYRESOURCE:Debug\Realsoft_Caixa.FormCheque.resources /ASSEMBLYRESOURCE:Debug\Realsoft_Caixa.FormCupom.resources /ASSEMBLYRESOURCE:Debug\Realsoft_Caixa.FormDesconto.resources /ASSEMBLYRESOURCE:Debug\Realsoft_Caixa.FormMercadorias.resources /ASSEMBLYRESOURCE:Debug\Realsoft_Caixa.FormMovimentacao.resources /ASSEMBLYRESOURCE:Debug\Realsoft_Caixa.FormPagamento.resources /ASSEMBLYRESOURCE:Debug\Realsoft_Caixa.FormPrecos.resources /ASSEMBLYRESOURCE:Debug\Realsoft_Caixa.FormPublicidade.resources /ASSEMBLYRESOURCE:Debug\Realsoft_Caixa.FormRegistro.resources /ASSEMBLYRESOURCE:Debug\Realsoft_Caixa.FormRelatorio.resources /ASSEMBLYRESOURCE:Debug\Realsoft_Caixa.FormTEF.resources /ASSEMBLYRESOURCE:Debug\Realsoft_Caixa.FormTroco.resources /ASSEMBLYRESOURCE:Debug\Realsoft_Caixa.Realsoft_Pagamento.resources /MANIFEST /MANIFESTUAC:"level='asInvoker' uiAccess='false'" /manifest:embed /DEBUG /PDB:"D:\Projetos\Realsoft_Caixa\Debug\Realsoft_Caixa.pdb" /ASSEMBLYDEBUG /SUBSYSTEM:WINDOWS,"5.01" /TLBID:1 /ENTRY:"main" /DYNAMICBASE /FIXED:NO /NXCOMPAT /MACHINE:X86 Debug\app.res
         Debug\AssemblyInfo.obj
         Debug\Form10.obj
         Debug\Form11.obj
         Debug\Form12.obj
         Debug\Form14.obj
         Debug\Form15.obj
         Debug\Form16.obj
         Debug\Form2.obj
         Debug\Form3.obj
         Debug\Form4.obj
         Debug\Form5.obj
         Debug\Form6.obj
         Debug\Form7.obj
         Debug\Form8.obj
         Debug\Form9.obj
         Debug\FormAcrescimo.obj
         Debug\FormAjuda.obj
         Debug\FormCartaoLoja.obj
         Debug\FormCheque.obj
         Debug\FormCupom.obj
         Debug\FormDesconto.obj
         Debug\FormMercadorias.obj
         Debug\FormMovimentacao.obj
         Debug\FormPagamento.obj
         Debug\FormPrecos.obj
         Debug\FormPublicidade.obj
         Debug\FormRegistro.obj
         Debug\FormRelatorio.obj
         Debug\FormTEF.obj
         Debug\FormTroco.obj
         Debug\Realsoft_Caixa.obj
         Debug\Realsoft_Pagamento.obj
         Debug\stdafx.obj
         "Debug\.NETFramework,Version=v4.0.AssemblyAttributes.obj"
         Realsoft_Caixa.vcxproj -> D:\Projetos\Realsoft_Caixa\Debug\Realsoft_Caixa.exe
     1>Done Building Project "D:\Projetos\Realsoft_Caixa\Realsoft_Caixa\Realsoft_Caixa.vcxproj" (Rebuild target(s)).

Build succeeded.

Time Elapsed 00:00:32.26
